
> @figma/my-make-file@0.0.1 dev
> vite --host 127.0.0.1 --port 5173


  [32m[1mVITE[22m v6.3.5[39m  [2mready in [0m[1m837[22m[2m[0m ms[22m

  [32m➜[39m  [1mLocal[22m:   [36mhttp://127.0.0.1:[1m5173[22m/[39m
[2m3:00:11 AM[22m [36m[1m[vite][22m[39m [90m[2m(client)[22m[39m [32mhmr update [39m[2m/@fs/C:\Users\tgsha\github_tsa2526\TSA-Web-Development-2526\roots-and-routes\src\app\pages\Spotlights.tsx, /src/styles/index.css[22m
[2m3:00:21 AM[22m [36m[1m[vite][22m[39m [90m[2m(client)[22m[39m [32mhmr update [39m[2m/@fs/C:\Users\tgsha\github_tsa2526\TSA-Web-Development-2526\roots-and-routes\src\app\components\ui\progressive-blur-card.tsx, /src/styles/index.css[22m
[2m3:01:41 AM[22m [36m[1m[vite][22m[39m [90m[2m(client)[22m[39m [32mhmr update [39m[2m/@fs/C:\Users\tgsha\github_tsa2526\TSA-Web-Development-2526\roots-and-routes\src\app\pages\Spotlights.tsx, /src/styles/index.css[22m
[2m3:32:03 AM[22m [36m[1m[vite][22m[39m [90m[2m(client)[22m[39m [32mhmr update [39m[2m/@fs/C:\Users\tgsha\github_tsa2526\TSA-Web-Development-2526\roots-and-routes\src\app\components\ui\progressive-blur-card.tsx, /src/styles/index.css[22m
[2m3:32:34 AM[22m [36m[1m[vite][22m[39m [90m[2m(client)[22m[39m [32mhmr update [39m[2m/@fs/C:\Users\tgsha\github_tsa2526\TSA-Web-Development-2526\roots-and-routes\src\app\components\engagement\RatingComponent.tsx, /src/styles/index.css[22m
[2m3:33:40 AM[22m [36m[1m[vite][22m[39m [90m[2m(client)[22m[39m [32mhmr update [39m[2m/@fs/C:\Users\tgsha\github_tsa2526\TSA-Web-Development-2526\roots-and-routes\src\app\components\engagement\RatingComponent.tsx, /src/styles/index.css[22m
[2m3:34:04 AM[22m [36m[1m[vite][22m[39m [90m[2m(client)[22m[39m [32mhmr update [39m[2m/@fs/C:\Users\tgsha\github_tsa2526\TSA-Web-Development-2526\roots-and-routes\src\app\components\ui\progressive-blur-card.tsx, /src/styles/index.css[22m
[2m3:34:39 AM[22m [36m[1m[vite][22m[39m [90m[2m(client)[22m[39m [32mhmr update [39m[2m/@fs/C:\Users\tgsha\github_tsa2526\TSA-Web-Development-2526\roots-and-routes\src\app\pages\Spotlights.tsx, /src/styles/index.css[22m
[2m3:34:49 AM[22m [36m[1m[vite][22m[39m [90m[2m(client)[22m[39m [32mhmr update [39m[2m/@fs/C:\Users\tgsha\github_tsa2526\TSA-Web-Development-2526\roots-and-routes\src\app\pages\Spotlights.tsx, /src/styles/index.css[22m
[2m3:34:50 AM[22m [36m[1m[vite][22m[39m [90m[2m(client)[22m[39m [32mhmr update [39m[2m/@fs/C:\Users\tgsha\github_tsa2526\TSA-Web-Development-2526\roots-and-routes\src\app\pages\Spotlights.tsx, /src/styles/index.css[22m
[2m3:36:33 AM[22m [36m[1m[vite][22m[39m [90m[2m(client)[22m[39m [32mhmr update [39m[2m/@fs/C:\Users\tgsha\github_tsa2526\TSA-Web-Development-2526\roots-and-routes\src\app\pages\Spotlights.tsx, /src/styles/index.css[22m
[2m5:05:48 AM[22m [36m[1m[vite][22m[39m [90m[2m(client)[22m[39m [32mhmr update [39m[2m/@fs/C:\Users\tgsha\github_tsa2526\TSA-Web-Development-2526\roots-and-routes\src\app\components\ui\progressive-blur-card.tsx, /src/styles/index.css[22m
[2m5:06:01 AM[22m [36m[1m[vite][22m[39m [90m[2m(client)[22m[39m [32mhmr update [39m[2m/@fs/C:\Users\tgsha\github_tsa2526\TSA-Web-Development-2526\roots-and-routes\src\app\components\ui\progressive-blur-card.tsx, /src/styles/index.css[22m
[2m5:06:18 AM[22m [36m[1m[vite][22m[39m [90m[2m(client)[22m[39m [32mhmr update [39m[2m/@fs/C:\Users\tgsha\github_tsa2526\TSA-Web-Development-2526\roots-and-routes\src\app\pages\Spotlights.tsx, /src/styles/index.css[22m
[2m5:13:19 AM[22m [36m[1m[vite][22m[39m [90m[2m(client)[22m[39m [32mhmr update [39m[2m/@fs/C:\Users\tgsha\github_tsa2526\TSA-Web-Development-2526\roots-and-routes\src\app\components\ui\progressive-blur-card.tsx, /src/styles/index.css[22m
[2m5:13:19 AM[22m [36m[1m[vite][22m[39m [90m[2m(client)[22m[39m [32mhmr update [39m[2m/@fs/C:\Users\tgsha\github_tsa2526\TSA-Web-Development-2526\roots-and-routes\src\app\components\ui\progressive-blur-card.tsx, /src/styles/index.css[22m
[2m5:14:15 AM[22m [36m[1m[vite][22m[39m [90m[2m(client)[22m[39m [32mhmr update [39m[2m/@fs/C:\Users\tgsha\github_tsa2526\TSA-Web-Development-2526\roots-and-routes\src\app\pages\Spotlights.tsx, /src/styles/index.css[22m
[2m5:14:29 AM[22m [36m[1m[vite][22m[39m [90m[2m(client)[22m[39m [32mhmr update [39m[2m/@fs/C:\Users\tgsha\github_tsa2526\TSA-Web-Development-2526\roots-and-routes\src\app\pages\Spotlights.tsx, /src/styles/index.css[22m
[2m9:28:13 AM[22m [36m[1m[vite][22m[39m [90m[2m(client)[22m[39m [32mhmr update [39m[2m/@fs/C:\Users\tgsha\github_tsa2526\TSA-Web-Development-2526\roots-and-routes\src\app\components\engagement\RatingComponent.tsx, /src/styles/index.css[22m
[2m9:28:13 AM[22m [36m[1m[vite][22m[39m [90m[2m(client)[22m[39m [32mhmr update [39m[2m/@fs/C:\Users\tgsha\github_tsa2526\TSA-Web-Development-2526\roots-and-routes\src\app\components\home\HeroSection.tsx, /src/styles/index.css[22m
[2m9:28:14 AM[22m [36m[1m[vite][22m[39m [90m[2m(client)[22m[39m [32mhmr update [39m[2m/@fs/C:\Users\tgsha\github_tsa2526\TSA-Web-Development-2526\roots-and-routes\src\app\components\ui\animated-underline-text.tsx, /src/styles/index.css[22m
[2m9:28:14 AM[22m [36m[1m[vite][22m[39m [90m[2m(client)[22m[39m [32mhmr update [39m[2m/@fs/C:\Users\tgsha\github_tsa2526\TSA-Web-Development-2526\roots-and-routes\src\app\pages\About.tsx, /src/styles/index.css[22m
[2m9:28:14 AM[22m [36m[1m[vite][22m[39m [90m[2m(client)[22m[39m [32mhmr update [39m[2m/@fs/C:\Users\tgsha\github_tsa2526\TSA-Web-Development-2526\roots-and-routes\src\app\components\engagement\RatingComponent.tsx, /src/styles/index.css[22m
[2m9:28:14 AM[22m [36m[1m[vite][22m[39m [90m[2m(client)[22m[39m [32mhmr update [39m[2m/@fs/C:\Users\tgsha\github_tsa2526\TSA-Web-Development-2526\roots-and-routes\src\app\components\home\ResourcesSection.tsx, /src/styles/index.css[22m
[2m9:28:14 AM[22m [36m[1m[vite][22m[39m [90m[2m(client)[22m[39m [32mhmr update [39m[2m/@fs/C:\Users\tgsha\github_tsa2526\TSA-Web-Development-2526\roots-and-routes\src\app\components\home\SpotlightSection.tsx, /src/styles/index.css[22m
[2m9:28:14 AM[22m [36m[1m[vite][22m[39m [90m[2m(client)[22m[39m [32mhmr update [39m[2m/@fs/C:\Users\tgsha\github_tsa2526\TSA-Web-Development-2526\roots-and-routes\src\app\components\ui\animated-underline-text.tsx, /src/styles/index.css[22m
[2m9:28:14 AM[22m [36m[1m[vite][22m[39m [90m[2m(client)[22m[39m [32mhmr update [39m[2m/@fs/C:\Users\tgsha\github_tsa2526\TSA-Web-Development-2526\roots-and-routes\src\app\pages\Spotlights.tsx, /src/styles/index.css[22m
[2m9:28:14 AM[22m [36m[1m[vite][22m[39m [90m[2m(client)[22m[39m [32mhmr update [39m[2m/@fs/C:\Users\tgsha\github_tsa2526\TSA-Web-Development-2526\roots-and-routes\src\app\components\engagement\RatingComponent.tsx, /src/styles/index.css[22m
[2m9:28:14 AM[22m [36m[1m[vite][22m[39m [90m[2m(client)[22m[39m [32mhmr update [39m[2m/@fs/C:\Users\tgsha\github_tsa2526\TSA-Web-Development-2526\roots-and-routes\src\app\components\home\HeroSection.tsx, /src/styles/index.css[22m
[2m9:28:14 AM[22m [36m[1m[vite][22m[39m [90m[2m(client)[22m[39m [32mhmr update [39m[2m/@fs/C:\Users\tgsha\github_tsa2526\TSA-Web-Development-2526\roots-and-routes\src\app\pages\About.tsx, /src/styles/index.css[22m
[2m9:28:15 AM[22m [36m[1m[vite][22m[39m [90m[2m(client)[22m[39m [32mhmr update [39m[2m/@fs/C:\Users\tgsha\github_tsa2526\TSA-Web-Development-2526\roots-and-routes\src\app\components\home\SpotlightSection.tsx, /src/styles/index.css[22m
[2m9:28:15 AM[22m [36m[1m[vite][22m[39m [90m[2m(client)[22m[39m [32mhmr update [39m[2m/@fs/C:\Users\tgsha\github_tsa2526\TSA-Web-Development-2526\roots-and-routes\src\app\components\home\HeroSection.tsx, /src/styles/index.css[22m
[2m9:28:15 AM[22m [36m[1m[vite][22m[39m [90m[2m(client)[22m[39m [32mhmr update [39m[2m/@fs/C:\Users\tgsha\github_tsa2526\TSA-Web-Development-2526\roots-and-routes\src\app\components\home\ResourcesSection.tsx, /src/styles/index.css[22m
[2m9:28:15 AM[22m [36m[1m[vite][22m[39m [90m[2m(client)[22m[39m [32mhmr update [39m[2m/@fs/C:\Users\tgsha\github_tsa2526\TSA-Web-Development-2526\roots-and-routes\src\app\pages\Spotlights.tsx, /src/styles/index.css[22m
[2m9:28:15 AM[22m [36m[1m[vite][22m[39m [90m[2m(client)[22m[39m [32mhmr update [39m[2m/@fs/C:\Users\tgsha\github_tsa2526\TSA-Web-Development-2526\roots-and-routes\src\app\components\home\SpotlightSection.tsx, /src/styles/index.css[22m
[2m9:32:36 AM[22m [36m[1m[vite][22m[39m [90m[2m(client)[22m[39m [32mhmr update [39m[2m/@fs/C:\Users\tgsha\github_tsa2526\TSA-Web-Development-2526\roots-and-routes\src\app\pages\Spotlights.tsx, /src/styles/index.css[22m
[2m9:34:04 AM[22m [36m[1m[vite][22m[39m [90m[2m(client)[22m[39m [32mhmr update [39m[2m/@fs/C:\Users\tgsha\github_tsa2526\TSA-Web-Development-2526\roots-and-routes\src\app\components\ui\progressive-blur-card.tsx, /src/styles/index.css[22m
[2m9:34:25 AM[22m [36m[1m[vite][22m[39m [90m[2m(client)[22m[39m [32mhmr update [39m[2m/@fs/C:\Users\tgsha\github_tsa2526\TSA-Web-Development-2526\roots-and-routes\src\app\pages\Spotlights.tsx, /src/styles/index.css[22m
[2m9:34:39 AM[22m [36m[1m[vite][22m[39m [90m[2m(client)[22m[39m [32mhmr update [39m[2m/@fs/C:\Users\tgsha\github_tsa2526\TSA-Web-Development-2526\roots-and-routes\src\app\pages\Spotlights.tsx, /src/styles/index.css[22m
[2m9:35:22 AM[22m [36m[1m[vite][22m[39m [90m[2m(client)[22m[39m [32mhmr update [39m[2m/@fs/C:\Users\tgsha\github_tsa2526\TSA-Web-Development-2526\roots-and-routes\src\app\components\ui\progressive-blur-card.tsx, /src/styles/index.css[22m
[2m9:41:59 AM[22m [36m[1m[vite][22m[39m [90m[2m(client)[22m[39m [32mhmr update [39m[2m/@fs/C:\Users\tgsha\github_tsa2526\TSA-Web-Development-2526\roots-and-routes\src\app\components\ui\progressive-blur-card.tsx, /src/styles/index.css[22m
[2m9:50:56 AM[22m [36m[1m[vite][22m[39m [90m[2m(client)[22m[39m [32mhmr update [39m[2m/@fs/C:\Users\tgsha\github_tsa2526\TSA-Web-Development-2526\roots-and-routes\src\app\components\ui\progressive-blur-card.tsx, /src/styles/index.css[22m
[2m9:51:07 AM[22m [36m[1m[vite][22m[39m [90m[2m(client)[22m[39m [32mhmr update [39m[2m/@fs/C:\Users\tgsha\github_tsa2526\TSA-Web-Development-2526\roots-and-routes\src\app\pages\Spotlights.tsx, /src/styles/index.css[22m
[2m9:54:12 AM[22m [36m[1m[vite][22m[39m [90m[2m(client)[22m[39m [32mhmr update [39m[2m/@fs/C:\Users\tgsha\github_tsa2526\TSA-Web-Development-2526\roots-and-routes\src\app\components\ui\progressive-blur-card.tsx, /src/styles/index.css[22m
[2m9:55:22 AM[22m [36m[1m[vite][22m[39m [90m[2m(client)[22m[39m [32mhmr update [39m[2m/@fs/C:\Users\tgsha\github_tsa2526\TSA-Web-Development-2526\roots-and-routes\src\app\pages\Spotlights.tsx, /src/styles/index.css[22m
[2m10:02:20 AM[22m [36m[1m[vite][22m[39m [90m[2m(client)[22m[39m [32mhmr update [39m[2m/@fs/C:\Users\tgsha\github_tsa2526\TSA-Web-Development-2526\roots-and-routes\src\app\pages\Spotlights.tsx, /src/styles/index.css[22m
[2m10:24:47 AM[22m [36m[1m[vite][22m[39m [90m[2m(client)[22m[39m [32mhmr update [39m[2m/@fs/C:\Users\tgsha\github_tsa2526\TSA-Web-Development-2526\roots-and-routes\src\app\pages\Spotlights.tsx, /src/styles/index.css[22m
[2m10:26:27 AM[22m [36m[1m[vite][22m[39m [90m[2m(client)[22m[39m [32mhmr update [39m[2m/@fs/C:\Users\tgsha\github_tsa2526\TSA-Web-Development-2526\roots-and-routes\src\app\pages\Spotlights.tsx, /src/styles/index.css[22m
[2m2:30:45 PM[22m [36m[1m[vite][22m[39m [90m[2m(client)[22m[39m [32mhmr update [39m[2m/@fs/C:\Users\tgsha\github_tsa2526\TSA-Web-Development-2526\roots-and-routes\src\app\pages\Spotlights.tsx, /src/styles/index.css[22m
[2m3:19:57 PM[22m [36m[1m[vite][22m[39m [90m[2m(client)[22m[39m [32mpage reload [39m[2msrc/app/types/home.ts[22m
[2m3:19:57 PM[22m [36m[1m[vite][22m[39m [90m[2m(client)[22m[39m [32mpage reload [39m[2msrc/app/types/home.ts[22m
[2m3:20:08 PM[22m [36m[1m[vite][22m[39m [90m[2m(client)[22m[39m [32mhmr update [39m[2m/src/styles/index.css, /src/app/auth/AuthProvider.tsx, /@fs/C:\Users\tgsha\github_tsa2526\TSA-Web-Development-2526\roots-and-routes\src\app\auth\RouteGuards.tsx, /@fs/C:\Users\tgsha\github_tsa2526\TSA-Web-Development-2526\roots-and-routes\src\app\pages\Spotlights.tsx, /@fs/C:\Users\tgsha\github_tsa2526\TSA-Web-Development-2526\roots-and-routes\src\app\pages\Portal.tsx, /@fs/C:\Users\tgsha\github_tsa2526\TSA-Web-Development-2526\roots-and-routes\src\app\pages\ResetPassword.tsx, /@fs/C:\Users\tgsha\github_tsa2526\TSA-Web-Development-2526\roots-and-routes\src\app\pages\Calendar.tsx, /@fs/C:\Users\tgsha\github_tsa2526\TSA-Web-Development-2526\roots-and-routes\src\app\pages\ResourceDetail.tsx, /@fs/C:\Users\tgsha\github_tsa2526\TSA-Web-Development-2526\roots-and-routes\src\app\pages\EventDetail.tsx, /@fs/C:\Users\tgsha\github_tsa2526\TSA-Web-Development-2526\roots-and-routes\src\app\pages\PortalResources.tsx, /@fs/C:\Users\tgsha\github_tsa2526\TSA-Web-Development-2526\roots-and-routes\src\app\pages\Directory.tsx, /@fs/C:\Users\tgsha\github_tsa2526\TSA-Web-Development-2526\roots-and-routes\src\app\pages\PortalEvents.tsx, /@fs/C:\Users\tgsha\github_tsa2526\TSA-Web-Development-2526\roots-and-routes\src\app\pages\ContributorLogin.tsx, /@fs/C:\Users\tgsha\github_tsa2526\TSA-Web-Development-2526\roots-and-routes\src\app\pages\Reference.tsx, /@fs/C:\Users\tgsha\github_tsa2526\TSA-Web-Development-2526\roots-and-routes\src\app\pages\Events.tsx, /@fs/C:\Users\tgsha\github_tsa2526\TSA-Web-Development-2526\roots-and-routes\src\app\pages\PortalModeration.tsx, /@fs/C:\Users\tgsha\github_tsa2526\TSA-Web-Development-2526\roots-and-routes\src\app\pages\Suggest.tsx, /@fs/C:\Users\tgsha\github_tsa2526\TSA-Web-Development-2526\roots-and-routes\src\app\components\portal\PortalShell.tsx, /@fs/C:\Users\tgsha\github_tsa2526\TSA-Web-Development-2526\roots-and-routes\src\app\components\home\SpotlightSection.tsx[22m
[2m3:20:11 PM[22m [36m[1m[vite][22m[39m [90m[2m(client)[22m[39m [33mhmr invalidate [39m[2m/src/app/auth/AuthProvider.tsx[22m Could not Fast Refresh ("useAuth" export is incompatible). Learn more at https://github.com/vitejs/vite-plugin-react/tree/main/packages/plugin-react#consistent-components-exports
[2m3:20:11 PM[22m [36m[1m[vite][22m[39m [90m[2m(client)[22m[39m [32mhmr update [39m[2m/src/app/App.tsx, /src/styles/index.css, /@fs/C:\Users\tgsha\github_tsa2526\TSA-Web-Development-2526\roots-and-routes\src\app\auth\RouteGuards.tsx, /@fs/C:\Users\tgsha\github_tsa2526\TSA-Web-Development-2526\roots-and-routes\src\app\pages\Portal.tsx, /@fs/C:\Users\tgsha\github_tsa2526\TSA-Web-Development-2526\roots-and-routes\src\app\pages\PortalResources.tsx, /@fs/C:\Users\tgsha\github_tsa2526\TSA-Web-Development-2526\roots-and-routes\src\app\pages\PortalEvents.tsx, /@fs/C:\Users\tgsha\github_tsa2526\TSA-Web-Development-2526\roots-and-routes\src\app\pages\ContributorLogin.tsx, /@fs/C:\Users\tgsha\github_tsa2526\TSA-Web-Development-2526\roots-and-routes\src\app\pages\Suggest.tsx, /@fs/C:\Users\tgsha\github_tsa2526\TSA-Web-Development-2526\roots-and-routes\src\app\components\portal\PortalShell.tsx[22m
[2m3:22:01 PM[22m [36m[1m[vite][22m[39m [90m[2m(client)[22m[39m [32mhmr update [39m[2m/@fs/C:\Users\tgsha\github_tsa2526\TSA-Web-Development-2526\roots-and-routes\src\app\pages\Spotlights.tsx, /src/styles/index.css[22m
[2m3:22:31 PM[22m [36m[1m[vite][22m[39m [90m[2m(client)[22m[39m [32mhmr update [39m[2m/@fs/C:\Users\tgsha\github_tsa2526\TSA-Web-Development-2526\roots-and-routes\src\app\pages\Spotlights.tsx, /src/styles/index.css[22m
[2m3:29:32 PM[22m [36m[1m[vite][22m[39m [90m[2m(client)[22m[39m [32mhmr update [39m[2m/@fs/C:\Users\tgsha\github_tsa2526\TSA-Web-Development-2526\roots-and-routes\src\app\components\ui\progressive-blur-card.tsx, /src/styles/index.css[22m
[2m3:29:38 PM[22m [36m[1m[vite][22m[39m [90m[2m(client)[22m[39m [32mhmr update [39m[2m/@fs/C:\Users\tgsha\github_tsa2526\TSA-Web-Development-2526\roots-and-routes\src\app\pages\Spotlights.tsx, /src/styles/index.css[22m
[2m3:36:05 PM[22m [36m[1m[vite][22m[39m [90m[2m(client)[22m[39m [32mhmr update [39m[2m/@fs/C:\Users\tgsha\github_tsa2526\TSA-Web-Development-2526\roots-and-routes\src\app\pages\Spotlights.tsx, /src/styles/index.css[22m
[2m3:36:12 PM[22m [36m[1m[vite][22m[39m [90m[2m(client)[22m[39m [32mhmr update [39m[2m/@fs/C:\Users\tgsha\github_tsa2526\TSA-Web-Development-2526\roots-and-routes\src\app\pages\Spotlights.tsx, /src/styles/index.css[22m
[2m3:36:36 PM[22m [36m[1m[vite][22m[39m [90m[2m(client)[22m[39m [32mhmr update [39m[2m/@fs/C:\Users\tgsha\github_tsa2526\TSA-Web-Development-2526\roots-and-routes\src\app\pages\Spotlights.tsx, /src/styles/index.css[22m
[2m3:39:57 PM[22m [36m[1m[vite][22m[39m [90m[2m(client)[22m[39m [32mhmr update [39m[2m/@fs/C:\Users\tgsha\github_tsa2526\TSA-Web-Development-2526\roots-and-routes\src\app\pages\Spotlights.tsx, /src/styles/index.css[22m
[2m3:39:57 PM[22m [36m[1m[vite][22m[39m [90m[2m(client)[22m[39m [32mhmr update [39m[2m/@fs/C:\Users\tgsha\github_tsa2526\TSA-Web-Development-2526\roots-and-routes\src\app\pages\Spotlights.tsx, /src/styles/index.css[22m
[2m3:49:34 PM[22m [36m[1m[vite][22m[39m [90m[2m(client)[22m[39m [32mhmr update [39m[2m/@fs/C:\Users\tgsha\github_tsa2526\TSA-Web-Development-2526\roots-and-routes\src\app\components\ui\progressive-blur-card.tsx, /src/styles/index.css[22m
[2m3:52:01 PM[22m [36m[1m[vite][22m[39m [90m[2m(client)[22m[39m [32mhmr update [39m[2m/@fs/C:\Users\tgsha\github_tsa2526\TSA-Web-Development-2526\roots-and-routes\src\app\components\ui\progressive-blur-card.tsx, /src/styles/index.css[22m
[2m3:53:17 PM[22m [36m[1m[vite][22m[39m [90m[2m(client)[22m[39m [32mhmr update [39m[2m/@fs/C:\Users\tgsha\github_tsa2526\TSA-Web-Development-2526\roots-and-routes\src\app\pages\Spotlights.tsx, /src/styles/index.css[22m
[2m5:18:05 PM[22m [36m[1m[vite][22m[39m [90m[2m(client)[22m[39m [32mhmr update [39m[2m/@fs/C:\Users\tgsha\github_tsa2526\TSA-Web-Development-2526\roots-and-routes\src\app\pages\Spotlights.tsx, /src/styles/index.css[22m
[2m5:18:55 PM[22m [36m[1m[vite][22m[39m [90m[2m(client)[22m[39m [32mhmr update [39m[2m/@fs/C:\Users\tgsha\github_tsa2526\TSA-Web-Development-2526\roots-and-routes\src\app\pages\Spotlights.tsx, /src/styles/index.css[22m
[2m5:27:43 PM[22m [36m[1m[vite][22m[39m [90m[2m(client)[22m[39m [32mhmr update [39m[2m/@fs/C:\Users\tgsha\github_tsa2526\TSA-Web-Development-2526\roots-and-routes\src\app\pages\Spotlights.tsx, /src/styles/index.css[22m
[2m6:33:18 PM[22m [36m[1m[vite][22m[39m [90m[2m(client)[22m[39m [32mhmr update [39m[2m/@fs/C:\Users\tgsha\github_tsa2526\TSA-Web-Development-2526\roots-and-routes\src\app\pages\Spotlights.tsx, /src/styles/index.css[22m
[2m6:39:36 PM[22m [36m[1m[vite][22m[39m [90m[2m(client)[22m[39m [32mhmr update [39m[2m/@fs/C:\Users\tgsha\github_tsa2526\TSA-Web-Development-2526\roots-and-routes\src\app\pages\Spotlights.tsx, /src/styles/index.css[22m
[2m6:46:01 PM[22m [36m[1m[vite][22m[39m [90m[2m(client)[22m[39m [32mhmr update [39m[2m/@fs/C:\Users\tgsha\github_tsa2526\TSA-Web-Development-2526\roots-and-routes\src\app\pages\Spotlights.tsx, /src/styles/index.css[22m
[2m6:49:59 PM[22m [36m[1m[vite][22m[39m [90m[2m(client)[22m[39m [32mhmr update [39m[2m/@fs/C:\Users\tgsha\github_tsa2526\TSA-Web-Development-2526\roots-and-routes\src\app\pages\Spotlights.tsx, /src/styles/index.css[22m
[2m6:51:23 PM[22m [36m[1m[vite][22m[39m [90m[2m(client)[22m[39m [32mhmr update [39m[2m/@fs/C:\Users\tgsha\github_tsa2526\TSA-Web-Development-2526\roots-and-routes\src\app\pages\Spotlights.tsx, /src/styles/index.css[22m
[2m6:54:07 PM[22m [36m[1m[vite][22m[39m [90m[2m(client)[22m[39m [32mhmr update [39m[2m/@fs/C:\Users\tgsha\github_tsa2526\TSA-Web-Development-2526\roots-and-routes\src\app\pages\Directory.tsx, /src/styles/index.css[22m
[2m6:57:39 PM[22m [36m[1m[vite][22m[39m [90m[2m(client)[22m[39m [32mhmr update [39m[2m/@fs/C:\Users\tgsha\github_tsa2526\TSA-Web-Development-2526\roots-and-routes\src\app\pages\Directory.tsx, /src/styles/index.css[22m
[2m7:03:07 PM[22m [36m[1m[vite][22m[39m [90m[2m(client)[22m[39m [32mhmr update [39m[2m/@fs/C:\Users\tgsha\github_tsa2526\TSA-Web-Development-2526\roots-and-routes\src\app\pages\Help.tsx, /src/styles/index.css[22m
[2m7:04:25 PM[22m [36m[1m[vite][22m[39m [90m[2m(client)[22m[39m [32mhmr update [39m[2m/@fs/C:\Users\tgsha\github_tsa2526\TSA-Web-Development-2526\roots-and-routes\src\app\pages\Directory.tsx, /src/styles/index.css[22m
[2m7:04:25 PM[22m [36m[1m[vite][22m[39m [90m[2m(client)[22m[39m [32mhmr update [39m[2m/@fs/C:\Users\tgsha\github_tsa2526\TSA-Web-Development-2526\roots-and-routes\src\app\pages\Directory.tsx, /src/styles/index.css[22m
[2m7:09:05 PM[22m [36m[1m[vite][22m[39m [90m[2m(client)[22m[39m [32mhmr update [39m[2m/@fs/C:\Users\tgsha\github_tsa2526\TSA-Web-Development-2526\roots-and-routes\src\app\pages\Spotlights.tsx, /src/styles/index.css[22m
[2m7:09:24 PM[22m [36m[1m[vite][22m[39m [90m[2m(client)[22m[39m [32mhmr update [39m[2m/@fs/C:\Users\tgsha\github_tsa2526\TSA-Web-Development-2526\roots-and-routes\src\app\pages\Spotlights.tsx, /src/styles/index.css[22m
[2m7:09:24 PM[22m [36m[1m[vite][22m[39m [90m[2m(client)[22m[39m [32mhmr update [39m[2m/@fs/C:\Users\tgsha\github_tsa2526\TSA-Web-Development-2526\roots-and-routes\src\app\pages\Spotlights.tsx, /src/styles/index.css[22m
[2m10:39:39 PM[22m [36m[1m[vite][22m[39m [90m[2m(client)[22m[39m [32mhmr update [39m[2m/@fs/C:\Users\tgsha\github_tsa2526\TSA-Web-Development-2526\roots-and-routes\src\app\pages\Help.tsx, /src/styles/index.css[22m
[2m10:39:39 PM[22m [36m[1m[vite][22m[39m [90m[2m(client)[22m[39m [32mhmr update [39m[2m/@fs/C:\Users\tgsha\github_tsa2526\TSA-Web-Development-2526\roots-and-routes\src\app\pages\Help.tsx, /src/styles/index.css[22m
[2m11:17:32 PM[22m [36m[1m[vite][22m[39m [90m[2m(client)[22m[39m [32mhmr update [39m[2m/@fs/C:\Users\tgsha\github_tsa2526\TSA-Web-Development-2526\roots-and-routes\src\app\pages\Spotlights.tsx, /src/styles/index.css[22m
[2m11:32:47 PM[22m [36m[1m[vite][22m[39m [90m[2m(client)[22m[39m [32mhmr update [39m[2m/@fs/C:\Users\tgsha\github_tsa2526\TSA-Web-Development-2526\roots-and-routes\src\app\pages\Spotlights.tsx, /src/styles/index.css[22m
[2m11:34:57 PM[22m [36m[1m[vite][22m[39m [90m[2m(client)[22m[39m [32mhmr update [39m[2m/@fs/C:\Users\tgsha\github_tsa2526\TSA-Web-Development-2526\roots-and-routes\src\app\pages\Spotlights.tsx, /src/styles/index.css[22m
[2m11:37:29 PM[22m [36m[1m[vite][22m[39m [90m[2m(client)[22m[39m [32mhmr update [39m[2m/@fs/C:\Users\tgsha\github_tsa2526\TSA-Web-Development-2526\roots-and-routes\src\app\pages\Spotlights.tsx, /src/styles/index.css[22m
[2m11:37:49 PM[22m [36m[1m[vite][22m[39m [90m[2m(client)[22m[39m [32mhmr update [39m[2m/@fs/C:\Users\tgsha\github_tsa2526\TSA-Web-Development-2526\roots-and-routes\src\app\pages\Spotlights.tsx, /src/styles/index.css[22m
[2m11:41:44 PM[22m [36m[1m[vite][22m[39m [90m[2m(client)[22m[39m [32mhmr update [39m[2m/@fs/C:\Users\tgsha\github_tsa2526\TSA-Web-Development-2526\roots-and-routes\src\app\pages\Spotlights.tsx, /src/styles/index.css[22m
[2m11:42:00 PM[22m [36m[1m[vite][22m[39m [90m[2m(client)[22m[39m [32mhmr update [39m[2m/@fs/C:\Users\tgsha\github_tsa2526\TSA-Web-Development-2526\roots-and-routes\src\app\pages\Spotlights.tsx, /src/styles/index.css[22m
[2m11:46:06 PM[22m [36m[1m[vite][22m[39m [90m[2m(client)[22m[39m [32mhmr update [39m[2m/@fs/C:\Users\tgsha\github_tsa2526\TSA-Web-Development-2526\roots-and-routes\src\app\pages\Spotlights.tsx, /src/styles/index.css[22m
[2m12:59:02 AM[22m [36m[1m[vite][22m[39m [90m[2m(client)[22m[39m [32mhmr update [39m[2m/@fs/C:\Users\tgsha\github_tsa2526\TSA-Web-Development-2526\roots-and-routes\src\app\pages\Spotlights.tsx, /src/styles/index.css[22m
[2m12:59:35 AM[22m [36m[1m[vite][22m[39m [90m[2m(client)[22m[39m [32mhmr update [39m[2m/@fs/C:\Users\tgsha\github_tsa2526\TSA-Web-Development-2526\roots-and-routes\src\app\pages\Spotlights.tsx, /src/styles/index.css[22m
[2m1:00:12 AM[22m [36m[1m[vite][22m[39m [90m[2m(client)[22m[39m [32mhmr update [39m[2m/@fs/C:\Users\tgsha\github_tsa2526\TSA-Web-Development-2526\roots-and-routes\src\app\pages\Spotlights.tsx, /src/styles/index.css[22m
