[2m3:22:01 PM[22m [31m[1m[vite][22m[39m [31mInternal server error: C:\Users\tgsha\github_tsa2526\TSA-Web-Development-2526\roots-and-routes\src\app\pages\Spotlights.tsx: Unexpected token, expected "}" (445:10)

[0m [90m 443 |[31m             [33m<[31m[33m/[31m[33mdiv[31m[33m>[31m
 [90m 444 |[31m           [33m<[31m[33m/[31m[33msection[31m[33m>[31m
[31m[1m>[22m[31m[90m 445 |[31m         ) [33m:[31m [36mnull[31m}
 [90m     |[31m           [31m[1m^[22m[31m
 [90m 446 |[31m       [33m<[31m[33m/[31m[33msection[31m[33m>[31m
 [90m 447 |[31m     [33m<[31m[33m/[31m[33mdiv[31m[33m>[31m
 [90m 448 |[31m   )[33m;[31m[0m[39m
  Plugin: [35mvite:react-babel[39m
  File: [36mC:/Users/tgsha/github_tsa2526/TSA-Web-Development-2526/roots-and-routes/src/app/pages/Spotlights.tsx[39m:445:10
[33m  443|              </div>
  444|            </section>
  445|          ) : null}
     |            ^
  446|        </section>
  447|      </div>[39m
      at constructor (C:\Users\tgsha\github_tsa2526\TSA-Web-Development-2526\roots-and-routes\node_modules\@babel\parser\lib\index.js:365:19)
      at TypeScriptParserMixin.raise (C:\Users\tgsha\github_tsa2526\TSA-Web-Development-2526\roots-and-routes\node_modules\@babel\parser\lib\index.js:6599:19)
      at TypeScriptParserMixin.unexpected (C:\Users\tgsha\github_tsa2526\TSA-Web-Development-2526\roots-and-routes\node_modules\@babel\parser\lib\index.js:6619:16)
      at TypeScriptParserMixin.expect (C:\Users\tgsha\github_tsa2526\TSA-Web-Development-2526\roots-and-routes\node_modules\@babel\parser\lib\index.js:6899:12)
      at TypeScriptParserMixin.jsxParseExpressionContainer (C:\Users\tgsha\github_tsa2526\TSA-Web-Development-2526\roots-and-routes\node_modules\@babel\parser\lib\index.js:4637:10)
      at TypeScriptParserMixin.jsxParseElementAt (C:\Users\tgsha\github_tsa2526\TSA-Web-Development-2526\roots-and-routes\node_modules\@babel\parser\lib\index.js:4711:36)
      at TypeScriptParserMixin.jsxParseElementAt (C:\Users\tgsha\github_tsa2526\TSA-Web-Development-2526\roots-and-routes\node_modules\@babel\parser\lib\index.js:4698:32)
      at TypeScriptParserMixin.jsxParseElement (C:\Users\tgsha\github_tsa2526\TSA-Web-Development-2526\roots-and-routes\node_modules\@babel\parser\lib\index.js:4749:17)
      at TypeScriptParserMixin.parseExprAtom (C:\Users\tgsha\github_tsa2526\TSA-Web-Development-2526\roots-and-routes\node_modules\@babel\parser\lib\index.js:4759:19)
      at TypeScriptParserMixin.parseExprSubscripts (C:\Users\tgsha\github_tsa2526\TSA-Web-Development-2526\roots-and-routes\node_modules\@babel\parser\lib\index.js:11081:23)
      at TypeScriptParserMixin.parseUpdate (C:\Users\tgsha\github_tsa2526\TSA-Web-Development-2526\roots-and-routes\node_modules\@babel\parser\lib\index.js:11066:21)
      at TypeScriptParserMixin.parseMaybeUnary (C:\Users\tgsha\github_tsa2526\TSA-Web-Development-2526\roots-and-routes\node_modules\@babel\parser\lib\index.js:11046:23)
      at TypeScriptParserMixin.parseMaybeUnary (C:\Users\tgsha\github_tsa2526\TSA-Web-Development-2526\roots-and-routes\node_modules\@babel\parser\lib\index.js:9837:18)
      at TypeScriptParserMixin.parseMaybeUnaryOrPrivate (C:\Users\tgsha\github_tsa2526\TSA-Web-Development-2526\roots-and-routes\node_modules\@babel\parser\lib\index.js:10899:61)
      at TypeScriptParserMixin.parseExprOps (C:\Users\tgsha\github_tsa2526\TSA-Web-Development-2526\roots-and-routes\node_modules\@babel\parser\lib\index.js:10904:23)
      at TypeScriptParserMixin.parseMaybeConditional (C:\Users\tgsha\github_tsa2526\TSA-Web-Development-2526\roots-and-routes\node_modules\@babel\parser\lib\index.js:10881:23)
      at TypeScriptParserMixin.parseMaybeAssign (C:\Users\tgsha\github_tsa2526\TSA-Web-Development-2526\roots-and-routes\node_modules\@babel\parser\lib\index.js:10831:21)
      at C:\Users\tgsha\github_tsa2526\TSA-Web-Development-2526\roots-and-routes\node_modules\@babel\parser\lib\index.js:9775:39
      at TypeScriptParserMixin.tryParse (C:\Users\tgsha\github_tsa2526\TSA-Web-Development-2526\roots-and-routes\node_modules\@babel\parser\lib\index.js:6907:20)
      at TypeScriptParserMixin.parseMaybeAssign (C:\Users\tgsha\github_tsa2526\TSA-Web-Development-2526\roots-and-routes\node_modules\@babel\parser\lib\index.js:9775:18)
      at C:\Users\tgsha\github_tsa2526\TSA-Web-Development-2526\roots-and-routes\node_modules\@babel\parser\lib\index.js:10800:39
      at TypeScriptParserMixin.allowInAnd (C:\Users\tgsha\github_tsa2526\TSA-Web-Development-2526\roots-and-routes\node_modules\@babel\parser\lib\index.js:12426:12)
      at TypeScriptParserMixin.parseMaybeAssignAllowIn (C:\Users\tgsha\github_tsa2526\TSA-Web-Development-2526\roots-and-routes\node_modules\@babel\parser\lib\index.js:10800:17)
      at TypeScriptParserMixin.parseMaybeAssignAllowInOrVoidPattern (C:\Users\tgsha\github_tsa2526\TSA-Web-Development-2526\roots-and-routes\node_modules\@babel\parser\lib\index.js:12493:17)
      at TypeScriptParserMixin.parseParenAndDistinguishExpression (C:\Users\tgsha\github_tsa2526\TSA-Web-Development-2526\roots-and-routes\node_modules\@babel\parser\lib\index.js:11675:28)
      at TypeScriptParserMixin.parseExprAtom (C:\Users\tgsha\github_tsa2526\TSA-Web-Development-2526\roots-and-routes\node_modules\@babel\parser\lib\index.js:11331:23)
      at TypeScriptParserMixin.parseExprAtom (C:\Users\tgsha\github_tsa2526\TSA-Web-Development-2526\roots-and-routes\node_modules\@babel\parser\lib\index.js:4764:20)
      at TypeScriptParserMixin.parseExprSubscripts (C:\Users\tgsha\github_tsa2526\TSA-Web-Development-2526\roots-and-routes\node_modules\@babel\parser\lib\index.js:11081:23)
      at TypeScriptParserMixin.parseUpdate (C:\Users\tgsha\github_tsa2526\TSA-Web-Development-2526\roots-and-routes\node_modules\@babel\parser\lib\index.js:11066:21)
      at TypeScriptParserMixin.parseMaybeUnary (C:\Users\tgsha\github_tsa2526\TSA-Web-Development-2526\roots-and-routes\node_modules\@babel\parser\lib\index.js:11046:23)
      at TypeScriptParserMixin.parseMaybeUnary (C:\Users\tgsha\github_tsa2526\TSA-Web-Development-2526\roots-and-routes\node_modules\@babel\parser\lib\index.js:9837:18)
      at TypeScriptParserMixin.parseMaybeUnaryOrPrivate (C:\Users\tgsha\github_tsa2526\TSA-Web-Development-2526\roots-and-routes\node_modules\@babel\parser\lib\index.js:10899:61)
      at TypeScriptParserMixin.parseExprOps (C:\Users\tgsha\github_tsa2526\TSA-Web-Development-2526\roots-and-routes\node_modules\@babel\parser\lib\index.js:10904:23)
      at TypeScriptParserMixin.parseMaybeConditional (C:\Users\tgsha\github_tsa2526\TSA-Web-Development-2526\roots-and-routes\node_modules\@babel\parser\lib\index.js:10881:23)
      at TypeScriptParserMixin.parseMaybeAssign (C:\Users\tgsha\github_tsa2526\TSA-Web-Development-2526\roots-and-routes\node_modules\@babel\parser\lib\index.js:10831:21)
      at TypeScriptParserMixin.parseMaybeAssign (C:\Users\tgsha\github_tsa2526\TSA-Web-Development-2526\roots-and-routes\node_modules\@babel\parser\lib\index.js:9786:20)
      at TypeScriptParserMixin.parseExpressionBase (C:\Users\tgsha\github_tsa2526\TSA-Web-Development-2526\roots-and-routes\node_modules\@babel\parser\lib\index.js:10784:23)
      at C:\Users\tgsha\github_tsa2526\TSA-Web-Development-2526\roots-and-routes\node_modules\@babel\parser\lib\index.js:10780:39
      at TypeScriptParserMixin.allowInAnd (C:\Users\tgsha\github_tsa2526\TSA-Web-Development-2526\roots-and-routes\node_modules\@babel\parser\lib\index.js:12421:16)
      at TypeScriptParserMixin.parseExpression (C:\Users\tgsha\github_tsa2526\TSA-Web-Development-2526\roots-and-routes\node_modules\@babel\parser\lib\index.js:10780:17)
      at TypeScriptParserMixin.parseReturnStatement (C:\Users\tgsha\github_tsa2526\TSA-Web-Development-2526\roots-and-routes\node_modules\@babel\parser\lib\index.js:13142:28)
      at TypeScriptParserMixin.parseStatementContent (C:\Users\tgsha\github_tsa2526\TSA-Web-Development-2526\roots-and-routes\node_modules\@babel\parser\lib\index.js:12798:21)
      at TypeScriptParserMixin.parseStatementContent (C:\Users\tgsha\github_tsa2526\TSA-Web-Development-2526\roots-and-routes\node_modules\@babel\parser\lib\index.js:9508:18)
      at TypeScriptParserMixin.parseStatementLike (C:\Users\tgsha\github_tsa2526\TSA-Web-Development-2526\roots-and-routes\node_modules\@babel\parser\lib\index.js:12767:17)
      at TypeScriptParserMixin.parseStatementListItem (C:\Users\tgsha\github_tsa2526\TSA-Web-Development-2526\roots-and-routes\node_modules\@babel\parser\lib\index.js:12747:17)
      at TypeScriptParserMixin.parseBlockOrModuleBlockBody (C:\Users\tgsha\github_tsa2526\TSA-Web-Development-2526\roots-and-routes\node_modules\@babel\parser\lib\index.js:13316:61)
      at TypeScriptParserMixin.parseBlockBody (C:\Users\tgsha\github_tsa2526\TSA-Web-Development-2526\roots-and-routes\node_modules\@babel\parser\lib\index.js:13309:10)
      at TypeScriptParserMixin.parseBlock (C:\Users\tgsha\github_tsa2526\TSA-Web-Development-2526\roots-and-routes\node_modules\@babel\parser\lib\index.js:13297:10)
      at TypeScriptParserMixin.parseFunctionBody (C:\Users\tgsha\github_tsa2526\TSA-Web-Development-2526\roots-and-routes\node_modules\@babel\parser\lib\index.js:12100:24)
      at TypeScriptParserMixin.parseFunctionBodyAndFinish (C:\Users\tgsha\github_tsa2526\TSA-Web-Development-2526\roots-and-routes\node_modules\@babel\parser\lib\index.js:12086:10)
[2m3:22:01 PM[22m [31m[1m[vite][22m[39m [31mInternal server error: C:\Users\tgsha\github_tsa2526\TSA-Web-Development-2526\roots-and-routes\src\app\pages\Spotlights.tsx: Unexpected token, expected "}" (445:10)

[0m [90m 443 |[31m             [33m<[31m[33m/[31m[33mdiv[31m[33m>[31m
 [90m 444 |[31m           [33m<[31m[33m/[31m[33msection[31m[33m>[31m
[31m[1m>[22m[31m[90m 445 |[31m         ) [33m:[31m [36mnull[31m}
 [90m     |[31m           [31m[1m^[22m[31m
 [90m 446 |[31m       [33m<[31m[33m/[31m[33msection[31m[33m>[31m
 [90m 447 |[31m     [33m<[31m[33m/[31m[33mdiv[31m[33m>[31m
 [90m 448 |[31m   )[33m;[31m[0m[39m
  Plugin: [35mvite:react-babel[39m
  File: [36mC:/Users/tgsha/github_tsa2526/TSA-Web-Development-2526/roots-and-routes/src/app/pages/Spotlights.tsx[39m:445:10
[33m  443|              </div>
  444|            </section>
  445|          ) : null}
     |            ^
  446|        </section>
  447|      </div>[39m
      at constructor (C:\Users\tgsha\github_tsa2526\TSA-Web-Development-2526\roots-and-routes\node_modules\@babel\parser\lib\index.js:365:19)
      at TypeScriptParserMixin.raise (C:\Users\tgsha\github_tsa2526\TSA-Web-Development-2526\roots-and-routes\node_modules\@babel\parser\lib\index.js:6599:19)
      at TypeScriptParserMixin.unexpected (C:\Users\tgsha\github_tsa2526\TSA-Web-Development-2526\roots-and-routes\node_modules\@babel\parser\lib\index.js:6619:16)
      at TypeScriptParserMixin.expect (C:\Users\tgsha\github_tsa2526\TSA-Web-Development-2526\roots-and-routes\node_modules\@babel\parser\lib\index.js:6899:12)
      at TypeScriptParserMixin.jsxParseExpressionContainer (C:\Users\tgsha\github_tsa2526\TSA-Web-Development-2526\roots-and-routes\node_modules\@babel\parser\lib\index.js:4637:10)
      at TypeScriptParserMixin.jsxParseElementAt (C:\Users\tgsha\github_tsa2526\TSA-Web-Development-2526\roots-and-routes\node_modules\@babel\parser\lib\index.js:4711:36)
      at TypeScriptParserMixin.jsxParseElementAt (C:\Users\tgsha\github_tsa2526\TSA-Web-Development-2526\roots-and-routes\node_modules\@babel\parser\lib\index.js:4698:32)
      at TypeScriptParserMixin.jsxParseElement (C:\Users\tgsha\github_tsa2526\TSA-Web-Development-2526\roots-and-routes\node_modules\@babel\parser\lib\index.js:4749:17)
      at TypeScriptParserMixin.parseExprAtom (C:\Users\tgsha\github_tsa2526\TSA-Web-Development-2526\roots-and-routes\node_modules\@babel\parser\lib\index.js:4759:19)
      at TypeScriptParserMixin.parseExprSubscripts (C:\Users\tgsha\github_tsa2526\TSA-Web-Development-2526\roots-and-routes\node_modules\@babel\parser\lib\index.js:11081:23)
      at TypeScriptParserMixin.parseUpdate (C:\Users\tgsha\github_tsa2526\TSA-Web-Development-2526\roots-and-routes\node_modules\@babel\parser\lib\index.js:11066:21)
      at TypeScriptParserMixin.parseMaybeUnary (C:\Users\tgsha\github_tsa2526\TSA-Web-Development-2526\roots-and-routes\node_modules\@babel\parser\lib\index.js:11046:23)
      at TypeScriptParserMixin.parseMaybeUnary (C:\Users\tgsha\github_tsa2526\TSA-Web-Development-2526\roots-and-routes\node_modules\@babel\parser\lib\index.js:9837:18)
      at TypeScriptParserMixin.parseMaybeUnaryOrPrivate (C:\Users\tgsha\github_tsa2526\TSA-Web-Development-2526\roots-and-routes\node_modules\@babel\parser\lib\index.js:10899:61)
      at TypeScriptParserMixin.parseExprOps (C:\Users\tgsha\github_tsa2526\TSA-Web-Development-2526\roots-and-routes\node_modules\@babel\parser\lib\index.js:10904:23)
      at TypeScriptParserMixin.parseMaybeConditional (C:\Users\tgsha\github_tsa2526\TSA-Web-Development-2526\roots-and-routes\node_modules\@babel\parser\lib\index.js:10881:23)
      at TypeScriptParserMixin.parseMaybeAssign (C:\Users\tgsha\github_tsa2526\TSA-Web-Development-2526\roots-and-routes\node_modules\@babel\parser\lib\index.js:10831:21)
      at C:\Users\tgsha\github_tsa2526\TSA-Web-Development-2526\roots-and-routes\node_modules\@babel\parser\lib\index.js:9775:39
      at TypeScriptParserMixin.tryParse (C:\Users\tgsha\github_tsa2526\TSA-Web-Development-2526\roots-and-routes\node_modules\@babel\parser\lib\index.js:6907:20)
      at TypeScriptParserMixin.parseMaybeAssign (C:\Users\tgsha\github_tsa2526\TSA-Web-Development-2526\roots-and-routes\node_modules\@babel\parser\lib\index.js:9775:18)
      at C:\Users\tgsha\github_tsa2526\TSA-Web-Development-2526\roots-and-routes\node_modules\@babel\parser\lib\index.js:10800:39
      at TypeScriptParserMixin.allowInAnd (C:\Users\tgsha\github_tsa2526\TSA-Web-Development-2526\roots-and-routes\node_modules\@babel\parser\lib\index.js:12426:12)
      at TypeScriptParserMixin.parseMaybeAssignAllowIn (C:\Users\tgsha\github_tsa2526\TSA-Web-Development-2526\roots-and-routes\node_modules\@babel\parser\lib\index.js:10800:17)
      at TypeScriptParserMixin.parseMaybeAssignAllowInOrVoidPattern (C:\Users\tgsha\github_tsa2526\TSA-Web-Development-2526\roots-and-routes\node_modules\@babel\parser\lib\index.js:12493:17)
      at TypeScriptParserMixin.parseParenAndDistinguishExpression (C:\Users\tgsha\github_tsa2526\TSA-Web-Development-2526\roots-and-routes\node_modules\@babel\parser\lib\index.js:11675:28)
      at TypeScriptParserMixin.parseExprAtom (C:\Users\tgsha\github_tsa2526\TSA-Web-Development-2526\roots-and-routes\node_modules\@babel\parser\lib\index.js:11331:23)
      at TypeScriptParserMixin.parseExprAtom (C:\Users\tgsha\github_tsa2526\TSA-Web-Development-2526\roots-and-routes\node_modules\@babel\parser\lib\index.js:4764:20)
      at TypeScriptParserMixin.parseExprSubscripts (C:\Users\tgsha\github_tsa2526\TSA-Web-Development-2526\roots-and-routes\node_modules\@babel\parser\lib\index.js:11081:23)
      at TypeScriptParserMixin.parseUpdate (C:\Users\tgsha\github_tsa2526\TSA-Web-Development-2526\roots-and-routes\node_modules\@babel\parser\lib\index.js:11066:21)
      at TypeScriptParserMixin.parseMaybeUnary (C:\Users\tgsha\github_tsa2526\TSA-Web-Development-2526\roots-and-routes\node_modules\@babel\parser\lib\index.js:11046:23)
      at TypeScriptParserMixin.parseMaybeUnary (C:\Users\tgsha\github_tsa2526\TSA-Web-Development-2526\roots-and-routes\node_modules\@babel\parser\lib\index.js:9837:18)
      at TypeScriptParserMixin.parseMaybeUnaryOrPrivate (C:\Users\tgsha\github_tsa2526\TSA-Web-Development-2526\roots-and-routes\node_modules\@babel\parser\lib\index.js:10899:61)
      at TypeScriptParserMixin.parseExprOps (C:\Users\tgsha\github_tsa2526\TSA-Web-Development-2526\roots-and-routes\node_modules\@babel\parser\lib\index.js:10904:23)
      at TypeScriptParserMixin.parseMaybeConditional (C:\Users\tgsha\github_tsa2526\TSA-Web-Development-2526\roots-and-routes\node_modules\@babel\parser\lib\index.js:10881:23)
      at TypeScriptParserMixin.parseMaybeAssign (C:\Users\tgsha\github_tsa2526\TSA-Web-Development-2526\roots-and-routes\node_modules\@babel\parser\lib\index.js:10831:21)
      at TypeScriptParserMixin.parseMaybeAssign (C:\Users\tgsha\github_tsa2526\TSA-Web-Development-2526\roots-and-routes\node_modules\@babel\parser\lib\index.js:9786:20)
      at TypeScriptParserMixin.parseExpressionBase (C:\Users\tgsha\github_tsa2526\TSA-Web-Development-2526\roots-and-routes\node_modules\@babel\parser\lib\index.js:10784:23)
      at C:\Users\tgsha\github_tsa2526\TSA-Web-Development-2526\roots-and-routes\node_modules\@babel\parser\lib\index.js:10780:39
      at TypeScriptParserMixin.allowInAnd (C:\Users\tgsha\github_tsa2526\TSA-Web-Development-2526\roots-and-routes\node_modules\@babel\parser\lib\index.js:12421:16)
      at TypeScriptParserMixin.parseExpression (C:\Users\tgsha\github_tsa2526\TSA-Web-Development-2526\roots-and-routes\node_modules\@babel\parser\lib\index.js:10780:17)
      at TypeScriptParserMixin.parseReturnStatement (C:\Users\tgsha\github_tsa2526\TSA-Web-Development-2526\roots-and-routes\node_modules\@babel\parser\lib\index.js:13142:28)
      at TypeScriptParserMixin.parseStatementContent (C:\Users\tgsha\github_tsa2526\TSA-Web-Development-2526\roots-and-routes\node_modules\@babel\parser\lib\index.js:12798:21)
      at TypeScriptParserMixin.parseStatementContent (C:\Users\tgsha\github_tsa2526\TSA-Web-Development-2526\roots-and-routes\node_modules\@babel\parser\lib\index.js:9508:18)
      at TypeScriptParserMixin.parseStatementLike (C:\Users\tgsha\github_tsa2526\TSA-Web-Development-2526\roots-and-routes\node_modules\@babel\parser\lib\index.js:12767:17)
      at TypeScriptParserMixin.parseStatementListItem (C:\Users\tgsha\github_tsa2526\TSA-Web-Development-2526\roots-and-routes\node_modules\@babel\parser\lib\index.js:12747:17)
      at TypeScriptParserMixin.parseBlockOrModuleBlockBody (C:\Users\tgsha\github_tsa2526\TSA-Web-Development-2526\roots-and-routes\node_modules\@babel\parser\lib\index.js:13316:61)
      at TypeScriptParserMixin.parseBlockBody (C:\Users\tgsha\github_tsa2526\TSA-Web-Development-2526\roots-and-routes\node_modules\@babel\parser\lib\index.js:13309:10)
      at TypeScriptParserMixin.parseBlock (C:\Users\tgsha\github_tsa2526\TSA-Web-Development-2526\roots-and-routes\node_modules\@babel\parser\lib\index.js:13297:10)
      at TypeScriptParserMixin.parseFunctionBody (C:\Users\tgsha\github_tsa2526\TSA-Web-Development-2526\roots-and-routes\node_modules\@babel\parser\lib\index.js:12100:24)
      at TypeScriptParserMixin.parseFunctionBodyAndFinish (C:\Users\tgsha\github_tsa2526\TSA-Web-Development-2526\roots-and-routes\node_modules\@babel\parser\lib\index.js:12086:10)
[2m12:59:35 AM[22m [31m[1m[vite][22m[39m [31mInternal server error: C:\Users\tgsha\github_tsa2526\TSA-Web-Development-2526\roots-and-routes\src\app\pages\Spotlights.tsx: Unexpected token (416:15)

[0m [90m 414 |[31m   )[33m;[31m
 [90m 415 |[31m }
[31m[1m>[22m[31m[90m 416 |[31m               [33m<[31m[33m/[31m[33mdiv[31m[33m>[31m
 [90m     |[31m                [31m[1m^[22m[31m
 [90m 417 |[31m             [33m<[31m[33m/[31m[33mdiv[31m[33m>[31m
 [90m 418 |[31m           [33m<[31m[33m/[31m[33msection[31m[33m>[31m
 [90m 419 |[31m         )}[0m[39m
  Plugin: [35mvite:react-babel[39m
  File: [36mC:/Users/tgsha/github_tsa2526/TSA-Web-Development-2526/roots-and-routes/src/app/pages/Spotlights.tsx[39m:416:15
[33m  414|    );
  415|  }
  416|                </div>
     |                 ^
  417|              </div>
  418|            </section>[39m
      at constructor (C:\Users\tgsha\github_tsa2526\TSA-Web-Development-2526\roots-and-routes\node_modules\@babel\parser\lib\index.js:365:19)
      at TypeScriptParserMixin.raise (C:\Users\tgsha\github_tsa2526\TSA-Web-Development-2526\roots-and-routes\node_modules\@babel\parser\lib\index.js:6599:19)
      at TypeScriptParserMixin.unexpected (C:\Users\tgsha\github_tsa2526\TSA-Web-Development-2526\roots-and-routes\node_modules\@babel\parser\lib\index.js:6619:16)
      at TypeScriptParserMixin.jsxParseIdentifier (C:\Users\tgsha\github_tsa2526\TSA-Web-Development-2526\roots-and-routes\node_modules\@babel\parser\lib\index.js:4569:12)
      at TypeScriptParserMixin.jsxParseNamespacedName (C:\Users\tgsha\github_tsa2526\TSA-Web-Development-2526\roots-and-routes\node_modules\@babel\parser\lib\index.js:4576:23)
      at TypeScriptParserMixin.jsxParseElementName (C:\Users\tgsha\github_tsa2526\TSA-Web-Development-2526\roots-and-routes\node_modules\@babel\parser\lib\index.js:4585:21)
      at TypeScriptParserMixin.jsxParseOpeningElementAt (C:\Users\tgsha\github_tsa2526\TSA-Web-Development-2526\roots-and-routes\node_modules\@babel\parser\lib\index.js:4661:22)
      at TypeScriptParserMixin.jsxParseElementAt (C:\Users\tgsha\github_tsa2526\TSA-Web-Development-2526\roots-and-routes\node_modules\@babel\parser\lib\index.js:4686:33)
      at TypeScriptParserMixin.jsxParseElement (C:\Users\tgsha\github_tsa2526\TSA-Web-Development-2526\roots-and-routes\node_modules\@babel\parser\lib\index.js:4749:17)
      at TypeScriptParserMixin.parseExprAtom (C:\Users\tgsha\github_tsa2526\TSA-Web-Development-2526\roots-and-routes\node_modules\@babel\parser\lib\index.js:4762:19)
      at TypeScriptParserMixin.parseExprSubscripts (C:\Users\tgsha\github_tsa2526\TSA-Web-Development-2526\roots-and-routes\node_modules\@babel\parser\lib\index.js:11081:23)
      at TypeScriptParserMixin.parseUpdate (C:\Users\tgsha\github_tsa2526\TSA-Web-Development-2526\roots-and-routes\node_modules\@babel\parser\lib\index.js:11066:21)
      at TypeScriptParserMixin.parseMaybeUnary (C:\Users\tgsha\github_tsa2526\TSA-Web-Development-2526\roots-and-routes\node_modules\@babel\parser\lib\index.js:11046:23)
      at TypeScriptParserMixin.parseMaybeUnary (C:\Users\tgsha\github_tsa2526\TSA-Web-Development-2526\roots-and-routes\node_modules\@babel\parser\lib\index.js:9837:18)
      at TypeScriptParserMixin.parseMaybeUnaryOrPrivate (C:\Users\tgsha\github_tsa2526\TSA-Web-Development-2526\roots-and-routes\node_modules\@babel\parser\lib\index.js:10899:61)
      at TypeScriptParserMixin.parseExprOps (C:\Users\tgsha\github_tsa2526\TSA-Web-Development-2526\roots-and-routes\node_modules\@babel\parser\lib\index.js:10904:23)
      at TypeScriptParserMixin.parseMaybeConditional (C:\Users\tgsha\github_tsa2526\TSA-Web-Development-2526\roots-and-routes\node_modules\@babel\parser\lib\index.js:10881:23)
      at TypeScriptParserMixin.parseMaybeAssign (C:\Users\tgsha\github_tsa2526\TSA-Web-Development-2526\roots-and-routes\node_modules\@babel\parser\lib\index.js:10831:21)
      at C:\Users\tgsha\github_tsa2526\TSA-Web-Development-2526\roots-and-routes\node_modules\@babel\parser\lib\index.js:9775:39
      at TypeScriptParserMixin.tryParse (C:\Users\tgsha\github_tsa2526\TSA-Web-Development-2526\roots-and-routes\node_modules\@babel\parser\lib\index.js:6907:20)
      at TypeScriptParserMixin.parseMaybeAssign (C:\Users\tgsha\github_tsa2526\TSA-Web-Development-2526\roots-and-routes\node_modules\@babel\parser\lib\index.js:9775:18)
      at TypeScriptParserMixin.parseExpressionBase (C:\Users\tgsha\github_tsa2526\TSA-Web-Development-2526\roots-and-routes\node_modules\@babel\parser\lib\index.js:10784:23)
      at C:\Users\tgsha\github_tsa2526\TSA-Web-Development-2526\roots-and-routes\node_modules\@babel\parser\lib\index.js:10780:39
      at TypeScriptParserMixin.allowInAnd (C:\Users\tgsha\github_tsa2526\TSA-Web-Development-2526\roots-and-routes\node_modules\@babel\parser\lib\index.js:12421:16)
      at TypeScriptParserMixin.parseExpression (C:\Users\tgsha\github_tsa2526\TSA-Web-Development-2526\roots-and-routes\node_modules\@babel\parser\lib\index.js:10780:17)
      at TypeScriptParserMixin.parseStatementContent (C:\Users\tgsha\github_tsa2526\TSA-Web-Development-2526\roots-and-routes\node_modules\@babel\parser\lib\index.js:12895:23)
      at TypeScriptParserMixin.parseStatementContent (C:\Users\tgsha\github_tsa2526\TSA-Web-Development-2526\roots-and-routes\node_modules\@babel\parser\lib\index.js:9508:18)
      at TypeScriptParserMixin.parseStatementLike (C:\Users\tgsha\github_tsa2526\TSA-Web-Development-2526\roots-and-routes\node_modules\@babel\parser\lib\index.js:12767:17)
      at TypeScriptParserMixin.parseModuleItem (C:\Users\tgsha\github_tsa2526\TSA-Web-Development-2526\roots-and-routes\node_modules\@babel\parser\lib\index.js:12744:17)
      at TypeScriptParserMixin.parseBlockOrModuleBlockBody (C:\Users\tgsha\github_tsa2526\TSA-Web-Development-2526\roots-and-routes\node_modules\@babel\parser\lib\index.js:13316:36)
      at TypeScriptParserMixin.parseBlockBody (C:\Users\tgsha\github_tsa2526\TSA-Web-Development-2526\roots-and-routes\node_modules\@babel\parser\lib\index.js:13309:10)
      at TypeScriptParserMixin.parseProgram (C:\Users\tgsha\github_tsa2526\TSA-Web-Development-2526\roots-and-routes\node_modules\@babel\parser\lib\index.js:12622:10)
      at TypeScriptParserMixin.parseTopLevel (C:\Users\tgsha\github_tsa2526\TSA-Web-Development-2526\roots-and-routes\node_modules\@babel\parser\lib\index.js:12612:25)
      at TypeScriptParserMixin.parse (C:\Users\tgsha\github_tsa2526\TSA-Web-Development-2526\roots-and-routes\node_modules\@babel\parser\lib\index.js:14488:25)
      at TypeScriptParserMixin.parse (C:\Users\tgsha\github_tsa2526\TSA-Web-Development-2526\roots-and-routes\node_modules\@babel\parser\lib\index.js:10126:18)
      at parse (C:\Users\tgsha\github_tsa2526\TSA-Web-Development-2526\roots-and-routes\node_modules\@babel\parser\lib\index.js:14522:38)
      at parser (C:\Users\tgsha\github_tsa2526\TSA-Web-Development-2526\roots-and-routes\node_modules\@babel\core\lib\parser\index.js:41:34)
      at parser.next (<anonymous>)
      at normalizeFile (C:\Users\tgsha\github_tsa2526\TSA-Web-Development-2526\roots-and-routes\node_modules\@babel\core\lib\transformation\normalize-file.js:64:37)
      at normalizeFile.next (<anonymous>)
      at run (C:\Users\tgsha\github_tsa2526\TSA-Web-Development-2526\roots-and-routes\node_modules\@babel\core\lib\transformation\index.js:22:50)
      at run.next (<anonymous>)
      at transform (C:\Users\tgsha\github_tsa2526\TSA-Web-Development-2526\roots-and-routes\node_modules\@babel\core\lib\transform.js:22:33)
      at transform.next (<anonymous>)
      at step (C:\Users\tgsha\github_tsa2526\TSA-Web-Development-2526\roots-and-routes\node_modules\gensync\index.js:261:32)
      at C:\Users\tgsha\github_tsa2526\TSA-Web-Development-2526\roots-and-routes\node_modules\gensync\index.js:273:13
      at async.call.result.err.err (C:\Users\tgsha\github_tsa2526\TSA-Web-Development-2526\roots-and-routes\node_modules\gensync\index.js:223:11)
      at C:\Users\tgsha\github_tsa2526\TSA-Web-Development-2526\roots-and-routes\node_modules\gensync\index.js:189:28
      at C:\Users\tgsha\github_tsa2526\TSA-Web-Development-2526\roots-and-routes\node_modules\@babel\core\lib\gensync-utils\async.js:67:7
      at C:\Users\tgsha\github_tsa2526\TSA-Web-Development-2526\roots-and-routes\node_modules\gensync\index.js:113:33
[2m12:59:35 AM[22m [31m[1m[vite][22m[39m [31mInternal server error: C:\Users\tgsha\github_tsa2526\TSA-Web-Development-2526\roots-and-routes\src\app\pages\Spotlights.tsx: Unexpected token (416:15)

[0m [90m 414 |[31m   )[33m;[31m
 [90m 415 |[31m }
[31m[1m>[22m[31m[90m 416 |[31m               [33m<[31m[33m/[31m[33mdiv[31m[33m>[31m
 [90m     |[31m                [31m[1m^[22m[31m
 [90m 417 |[31m             [33m<[31m[33m/[31m[33mdiv[31m[33m>[31m
 [90m 418 |[31m           [33m<[31m[33m/[31m[33msection[31m[33m>[31m
 [90m 419 |[31m         )}[0m[39m
  Plugin: [35mvite:react-babel[39m
  File: [36mC:/Users/tgsha/github_tsa2526/TSA-Web-Development-2526/roots-and-routes/src/app/pages/Spotlights.tsx[39m:416:15
[33m  414|    );
  415|  }
  416|                </div>
     |                 ^
  417|              </div>
  418|            </section>[39m
      at constructor (C:\Users\tgsha\github_tsa2526\TSA-Web-Development-2526\roots-and-routes\node_modules\@babel\parser\lib\index.js:365:19)
      at TypeScriptParserMixin.raise (C:\Users\tgsha\github_tsa2526\TSA-Web-Development-2526\roots-and-routes\node_modules\@babel\parser\lib\index.js:6599:19)
      at TypeScriptParserMixin.unexpected (C:\Users\tgsha\github_tsa2526\TSA-Web-Development-2526\roots-and-routes\node_modules\@babel\parser\lib\index.js:6619:16)
      at TypeScriptParserMixin.jsxParseIdentifier (C:\Users\tgsha\github_tsa2526\TSA-Web-Development-2526\roots-and-routes\node_modules\@babel\parser\lib\index.js:4569:12)
      at TypeScriptParserMixin.jsxParseNamespacedName (C:\Users\tgsha\github_tsa2526\TSA-Web-Development-2526\roots-and-routes\node_modules\@babel\parser\lib\index.js:4576:23)
      at TypeScriptParserMixin.jsxParseElementName (C:\Users\tgsha\github_tsa2526\TSA-Web-Development-2526\roots-and-routes\node_modules\@babel\parser\lib\index.js:4585:21)
      at TypeScriptParserMixin.jsxParseOpeningElementAt (C:\Users\tgsha\github_tsa2526\TSA-Web-Development-2526\roots-and-routes\node_modules\@babel\parser\lib\index.js:4661:22)
      at TypeScriptParserMixin.jsxParseElementAt (C:\Users\tgsha\github_tsa2526\TSA-Web-Development-2526\roots-and-routes\node_modules\@babel\parser\lib\index.js:4686:33)
      at TypeScriptParserMixin.jsxParseElement (C:\Users\tgsha\github_tsa2526\TSA-Web-Development-2526\roots-and-routes\node_modules\@babel\parser\lib\index.js:4749:17)
      at TypeScriptParserMixin.parseExprAtom (C:\Users\tgsha\github_tsa2526\TSA-Web-Development-2526\roots-and-routes\node_modules\@babel\parser\lib\index.js:4762:19)
      at TypeScriptParserMixin.parseExprSubscripts (C:\Users\tgsha\github_tsa2526\TSA-Web-Development-2526\roots-and-routes\node_modules\@babel\parser\lib\index.js:11081:23)
      at TypeScriptParserMixin.parseUpdate (C:\Users\tgsha\github_tsa2526\TSA-Web-Development-2526\roots-and-routes\node_modules\@babel\parser\lib\index.js:11066:21)
      at TypeScriptParserMixin.parseMaybeUnary (C:\Users\tgsha\github_tsa2526\TSA-Web-Development-2526\roots-and-routes\node_modules\@babel\parser\lib\index.js:11046:23)
      at TypeScriptParserMixin.parseMaybeUnary (C:\Users\tgsha\github_tsa2526\TSA-Web-Development-2526\roots-and-routes\node_modules\@babel\parser\lib\index.js:9837:18)
      at TypeScriptParserMixin.parseMaybeUnaryOrPrivate (C:\Users\tgsha\github_tsa2526\TSA-Web-Development-2526\roots-and-routes\node_modules\@babel\parser\lib\index.js:10899:61)
      at TypeScriptParserMixin.parseExprOps (C:\Users\tgsha\github_tsa2526\TSA-Web-Development-2526\roots-and-routes\node_modules\@babel\parser\lib\index.js:10904:23)
      at TypeScriptParserMixin.parseMaybeConditional (C:\Users\tgsha\github_tsa2526\TSA-Web-Development-2526\roots-and-routes\node_modules\@babel\parser\lib\index.js:10881:23)
      at TypeScriptParserMixin.parseMaybeAssign (C:\Users\tgsha\github_tsa2526\TSA-Web-Development-2526\roots-and-routes\node_modules\@babel\parser\lib\index.js:10831:21)
      at C:\Users\tgsha\github_tsa2526\TSA-Web-Development-2526\roots-and-routes\node_modules\@babel\parser\lib\index.js:9775:39
      at TypeScriptParserMixin.tryParse (C:\Users\tgsha\github_tsa2526\TSA-Web-Development-2526\roots-and-routes\node_modules\@babel\parser\lib\index.js:6907:20)
      at TypeScriptParserMixin.parseMaybeAssign (C:\Users\tgsha\github_tsa2526\TSA-Web-Development-2526\roots-and-routes\node_modules\@babel\parser\lib\index.js:9775:18)
      at TypeScriptParserMixin.parseExpressionBase (C:\Users\tgsha\github_tsa2526\TSA-Web-Development-2526\roots-and-routes\node_modules\@babel\parser\lib\index.js:10784:23)
      at C:\Users\tgsha\github_tsa2526\TSA-Web-Development-2526\roots-and-routes\node_modules\@babel\parser\lib\index.js:10780:39
      at TypeScriptParserMixin.allowInAnd (C:\Users\tgsha\github_tsa2526\TSA-Web-Development-2526\roots-and-routes\node_modules\@babel\parser\lib\index.js:12421:16)
      at TypeScriptParserMixin.parseExpression (C:\Users\tgsha\github_tsa2526\TSA-Web-Development-2526\roots-and-routes\node_modules\@babel\parser\lib\index.js:10780:17)
      at TypeScriptParserMixin.parseStatementContent (C:\Users\tgsha\github_tsa2526\TSA-Web-Development-2526\roots-and-routes\node_modules\@babel\parser\lib\index.js:12895:23)
      at TypeScriptParserMixin.parseStatementContent (C:\Users\tgsha\github_tsa2526\TSA-Web-Development-2526\roots-and-routes\node_modules\@babel\parser\lib\index.js:9508:18)
      at TypeScriptParserMixin.parseStatementLike (C:\Users\tgsha\github_tsa2526\TSA-Web-Development-2526\roots-and-routes\node_modules\@babel\parser\lib\index.js:12767:17)
      at TypeScriptParserMixin.parseModuleItem (C:\Users\tgsha\github_tsa2526\TSA-Web-Development-2526\roots-and-routes\node_modules\@babel\parser\lib\index.js:12744:17)
      at TypeScriptParserMixin.parseBlockOrModuleBlockBody (C:\Users\tgsha\github_tsa2526\TSA-Web-Development-2526\roots-and-routes\node_modules\@babel\parser\lib\index.js:13316:36)
      at TypeScriptParserMixin.parseBlockBody (C:\Users\tgsha\github_tsa2526\TSA-Web-Development-2526\roots-and-routes\node_modules\@babel\parser\lib\index.js:13309:10)
      at TypeScriptParserMixin.parseProgram (C:\Users\tgsha\github_tsa2526\TSA-Web-Development-2526\roots-and-routes\node_modules\@babel\parser\lib\index.js:12622:10)
      at TypeScriptParserMixin.parseTopLevel (C:\Users\tgsha\github_tsa2526\TSA-Web-Development-2526\roots-and-routes\node_modules\@babel\parser\lib\index.js:12612:25)
      at TypeScriptParserMixin.parse (C:\Users\tgsha\github_tsa2526\TSA-Web-Development-2526\roots-and-routes\node_modules\@babel\parser\lib\index.js:14488:25)
      at TypeScriptParserMixin.parse (C:\Users\tgsha\github_tsa2526\TSA-Web-Development-2526\roots-and-routes\node_modules\@babel\parser\lib\index.js:10126:18)
      at parse (C:\Users\tgsha\github_tsa2526\TSA-Web-Development-2526\roots-and-routes\node_modules\@babel\parser\lib\index.js:14522:38)
      at parser (C:\Users\tgsha\github_tsa2526\TSA-Web-Development-2526\roots-and-routes\node_modules\@babel\core\lib\parser\index.js:41:34)
      at parser.next (<anonymous>)
      at normalizeFile (C:\Users\tgsha\github_tsa2526\TSA-Web-Development-2526\roots-and-routes\node_modules\@babel\core\lib\transformation\normalize-file.js:64:37)
      at normalizeFile.next (<anonymous>)
      at run (C:\Users\tgsha\github_tsa2526\TSA-Web-Development-2526\roots-and-routes\node_modules\@babel\core\lib\transformation\index.js:22:50)
      at run.next (<anonymous>)
      at transform (C:\Users\tgsha\github_tsa2526\TSA-Web-Development-2526\roots-and-routes\node_modules\@babel\core\lib\transform.js:22:33)
      at transform.next (<anonymous>)
      at step (C:\Users\tgsha\github_tsa2526\TSA-Web-Development-2526\roots-and-routes\node_modules\gensync\index.js:261:32)
      at C:\Users\tgsha\github_tsa2526\TSA-Web-Development-2526\roots-and-routes\node_modules\gensync\index.js:273:13
      at async.call.result.err.err (C:\Users\tgsha\github_tsa2526\TSA-Web-Development-2526\roots-and-routes\node_modules\gensync\index.js:223:11)
      at C:\Users\tgsha\github_tsa2526\TSA-Web-Development-2526\roots-and-routes\node_modules\gensync\index.js:189:28
      at C:\Users\tgsha\github_tsa2526\TSA-Web-Development-2526\roots-and-routes\node_modules\@babel\core\lib\gensync-utils\async.js:67:7
      at C:\Users\tgsha\github_tsa2526\TSA-Web-Development-2526\roots-and-routes\node_modules\gensync\index.js:113:33
